[goodcrypto.app/solana-trading-bot/index.html]
[backblue.gif]
[fade.gif]
[index.html]
[goodcrypto.app/wp-includes/css/dist/block-library/style.min24b2.css]
[goodcrypto.app/wp-content/plugins/sitepress-multilingual-cms/dist/css/blocks/styles4698.css]
[goodcrypto.app/wp-content/plugins/contact-form-7/includes/css/styles9dff.css]
[goodcrypto.app/wp-content/plugins/sitepress-multilingual-cms/templates/language-switchers/legacy-dropdown/style.min68b3.css]
[goodcrypto.app/wp-content/themes/main-template/plugins/bootstrap/css/bootstrap.min24b2.css]
[goodcrypto.app/wp-content/themes/main-template/plugins/rangeslider/rangeslider24b2.css]
[goodcrypto.app/wp-content/themes/main-template/css/templatefb0f.css]
[goodcrypto.app/wp-content/themes/main-template/images/favicon/favicon_48.png]
[goodcrypto.app/wp-content/themes/main-template/images/favicon/favicon_96.png]
[goodcrypto.app/wp-content/themes/main-template/css/etherum-botfb0f.css]
[goodcrypto.app/wp-content/uploads/2024/03/bot_solana.png]
[goodcrypto.app/wp-content/uploads/2022/07/dots_graphic.png]
[goodcrypto.app/wp-content/uploads/2024/04/paper-mob.png]
[goodcrypto.app/wp-content/uploads/2024/04/paper-desk.png]
[goodcrypto.app/wp-content/uploads/2024/04/robot.png]
[goodcrypto.app/wp-content/uploads/2024/04/rainbow-1.png]
[goodcrypto.app/wp-content/uploads/2024/03/icon-copy-3.png]
[goodcrypto.app/wp-content/uploads/2024/03/icon-copy-4.png]
[goodcrypto.app/wp-content/uploads/2022/07/Group-2830-1.jpg]
[goodcrypto.app/wp-content/themes/main-template/images/phone.png]
[goodcrypto.app/wp-content/themes/main-template/plugins/jquery/jquery-3.2.0.min24b2.js]
[goodcrypto.app/wp-content/plugins/sitepress-multilingual-cms/res/js/cookies/language-cookie4698.js]
[goodcrypto.app/wp-content/plugins/contact-form-7/includes/js/scripts9dff.js]
[goodcrypto.app/wp-content/themes/main-template/js/contactform24b2.js]
[goodcrypto.app/wp-content/plugins/sitepress-multilingual-cms/templates/language-switchers/legacy-dropdown/script.min68b3.js]
[goodcrypto.app/wp-content/themes/main-template/plugins/bootstrap/js/popper.min24b2.js]
[goodcrypto.app/wp-content/themes/main-template/plugins/bootstrap/js/bootstrap.min24b2.js]
[goodcrypto.app/wp-content/themes/main-template/plugins/validation/jquery.validate.min24b2.js]
[goodcrypto.app/wp-content/themes/main-template/plugins/rangeslider/rangeslider.min24b2.js]
[goodcrypto.app/wp-content/themes/main-template/plugins/counter/jquery.plugin24b2.js]
[goodcrypto.app/wp-content/themes/main-template/js/analytics24b2.js]
[goodcrypto.app/wp-content/themes/main-template/js/scriptfb0f.js]
[goodcrypto.app/wp-content/themes/main-template/js/trade-contest-report24b2.js]
[goodcrypto.app/wp-content/themes/main-template/js/posts-search.js]
[www.redditstatic.com/ads/pixel.js]
[connect.facebook.net/en_US/fbevents.js]
[goodcrypto.app/solana-trading-bot/DelayedIFrameLoading/iframe-loader.js]
[goodcrypto.app/solana-trading-bot/GET]
[goodcrypto.app/solana-trading-bot/index.html]
[www.googletagmanager.com/gtm5445.html]
[goodcrypto.app/wp-includes/css/dist/block-library/style.min24b2.css]
[goodcrypto.app/wp-content/plugins/sitepress-multilingual-cms/dist/css/blocks/styles4698.css]
[goodcrypto.app/wp-content/plugins/contact-form-7/assets/ajax-loader.gif]
[goodcrypto.app/wp-content/plugins/contact-form-7/includes/css/styles9dff.css]
[goodcrypto.app/wp-content/plugins/sitepress-multilingual-cms/templates/language-switchers/legacy-dropdown/style.min68b3.css]
[goodcrypto.app/wp-content/plugins/sitepress-multilingual-cms/templates/language-switchers/legacy-list-horizontal/style.min68b3.css]
[goodcrypto.app/wp-content/themes/main-template/plugins/bootstrap/css/bootstrap.min24b2.css]
[goodcrypto.app/wp-content/themes/main-template/plugins/rangeslider/rangeslider24b2.css]
[goodcrypto.app/wp-content/uploads/2023/10/dex-banner-bg.jpg]
[goodcrypto.app/wp-content/uploads/2023/10/dex-banner-bg-mob.jpg]
[goodcrypto.app/wp-content/uploads/2024/06/table-grad-bg.jpg]
[goodcrypto.app/wp-content/uploads/2024/06/table-grad-bg-mob.jpg]
[goodcrypto.app/wp-content/themes/main-template/images/visual.jpg]
[goodcrypto.app/wp-content/themes/main-template/css/templatefb0f.css]
[goodcrypto.app/solana-trading-bot/%cOptimized with %cPhastPress%c %s.html]
[goodcrypto.app/wp-content/themes/main-template/css/etherum-botfb0f.css]
[goodcrypto.app/solana-trading-bot/a]
[goodcrypto.app/solana-trading-bot/POST]
[goodcrypto.app/solana-trading-bot/b.resolvedLink]
[goodcrypto.app/solana-trading-bot/schema.org/index.html]
[goodcrypto.app/signals/iwl.js]
[connect.facebook.net/en_US/fbevents.js]
[goodcrypto.app/solana-trading-bot/DelayedIFrameLoading/iframe-loader.html]
[goodcrypto.app/solana-trading-bot/GET.html]
[goodcrypto.app/solana-trading-bot/a.html]
[goodcrypto.app/solana-trading-bot/POST.html]
[goodcrypto.app/solana-trading-bot/schema.org/index.html]
[goodcrypto.app/solana-trading-bot/b.html]
[goodcrypto.app/signals/iwl.html]
